// Jest Snapshot v1, https://goo.gl/fbAQLP

exports[`<ScrollSliderContainer/> should render correctly 1`] = `
<BaseScrollSlider
  activeItem={1}
  align="start"
  animationDuration={0.3}
  animationTimingFunction={[Function]}
  goTo={[MockFunction]}
  isRTL={false}
  itemsToShow={2}
  setItemsLength={[MockFunction]}
  type="scroll"
>
  <div />
</BaseScrollSlider>
`;
