// Jest Snapshot v1, https://goo.gl/fbAQLP

exports[`<SwipeSliderContainer/> should render correctly 1`] = `
<BaseSwipeSlider
  activeItem={1}
  animationDuration={0.3}
  disableSwipe={false}
  goNext={[MockFunction]}
  goPrev={[MockFunction]}
  hasKeysNavigation={true}
  isInfinite={false}
  isRTL={false}
  itemsToShow={2}
  setIsMovementBlocked={[MockFunction]}
  setItemsLength={[MockFunction]}
>
  <div />
</BaseSwipeSlider>
`;
