// Jest Snapshot v1, https://goo.gl/fbAQLP

exports[`<UnevenItemsScrollSliderContainer/> should render correctly 1`] = `
<UnevenItemsScrollSliderContainer>
  <ForwardRef(UnevenForwardingRef)
    activeItem={1}
    goTo={[MockFunction]}
    isRTL={false}
    itemsLength={1}
    setItemsLength={
      [MockFunction] {
        "calls": Array [
          Array [
            NaN,
          ],
        ],
        "results": Array [
          Object {
            "type": "return",
            "value": undefined,
          },
        ],
      }
    }
  >
    <UnevenItemsScrollSlider
      activeItem={1}
      containerRef={
        Object {
          "current": <div
            class="slider scrollSliderContainer"
          >
            <div
              class="unevenItemsWrapper"
            >
              <div
                class="slide"
              />
            </div>
          </div>,
        }
      }
      goTo={[MockFunction]}
      isRTL={false}
      itemsLength={1}
      ratioToScroll={1}
      setItemsLength={
        [MockFunction] {
          "calls": Array [
            Array [
              NaN,
            ],
          ],
          "results": Array [
            Object {
              "type": "return",
              "value": undefined,
            },
          ],
        }
      }
    >
      <div
        className="slider scrollSliderContainer"
        onScroll={[Function]}
      >
        <div
          className="unevenItemsWrapper"
          onTouchEnd={[Function]}
          onTouchMove={[Function]}
          onTouchStart={[Function]}
        >
          <div
            className="slide"
            key="null/.0"
            style={Object {}}
          />
        </div>
      </div>
    </UnevenItemsScrollSlider>
  </ForwardRef(UnevenForwardingRef)>
</UnevenItemsScrollSliderContainer>
`;
