// Jest Snapshot v1, https://goo.gl/fbAQLP

exports[`<UnevenItemsScrollSliderContainer/> should render correctly 1`] = `
<UnevenItemsScrollSliderContainer>
  <BaseUnevenItemsScrollSlider
    activeItem={1}
    goTo={[MockFunction]}
    isRTL={false}
    itemsLength={1}
    ratioToScroll={1}
    setItemsLength={
      [MockFunction] {
        "calls": Array [
          Array [
            NaN,
          ],
        ],
        "results": Array [
          Object {
            "type": "return",
            "value": undefined,
          },
        ],
      }
    }
  >
    <div
      className="unevenItemsContainer"
      onScroll={[Function]}
    >
      <div
        data-element="unevenItemsWrapper"
        onTouchEnd={[Function]}
        onTouchMove={[Function]}
        onTouchStart={[Function]}
      >
        <div
          key="null/.0"
          style={Object {}}
        />
      </div>
    </div>
  </BaseUnevenItemsScrollSlider>
</UnevenItemsScrollSliderContainer>
`;
