// Jest Snapshot v1, https://goo.gl/fbAQLP

exports[`<Bullets> - props for default should render correctly the basic 1`] = `
.emotion-0 {
  z-index: 2;
  display: -webkit-box;
  display: -webkit-flex;
  display: -ms-flexbox;
  display: flex;
  -webkit-box-pack: center;
  -ms-flex-pack: center;
  -webkit-justify-content: center;
  justify-content: center;
}

.emotion-0[data-infinite='true'] {
  position: relative;
  width: 9rem;
  height: 2.1rem;
  overflow: hidden;
  -webkit-box-pack: center;
  -ms-flex-pack: center;
  -webkit-justify-content: center;
  justify-content: center;
  white-space: nowrap;
  left: 50%;
  -webkit-transform: translateX(-50%);
  -moz-transform: translateX(-50%);
  -ms-transform: translateX(-50%);
  transform: translateX(-50%);
}

<BaseBullets
  activeItem={0}
  className="emotion-0"
  itemsLength={3}
  itemsToScroll={1}
/>
`;
