// Jest Snapshot v1, https://goo.gl/fbAQLP

exports[`<Carousel /> props should render children and custom attrs correctly 1`] = `
.emotion-0 {
  position: relative;
  width: 100%;
  overflow: hidden;
  touch-action: manipulation;
}

<BaseCarousel
  className="foo emotion-0"
  data-attr="bar"
  itemsToScroll={1}
>
  <div>
    I accept children.
  </div>
</BaseCarousel>
`;
