// Jest Snapshot v1, https://goo.gl/fbAQLP

exports[`<Carousel /> props should render children and custom attrs correctly 1`] = `
<CarouselProvider
  isInfinite={false}
  isRTL={false}
  itemsToScroll={1}
  itemsToShow={1}
  startItem={0}
>
  <div
    className="wrapper foo"
    data-attr="bar"
  >
    <div>
      I accept children.
    </div>
  </div>
</CarouselProvider>
`;
