// Jest Snapshot v1, https://goo.gl/fbAQLP

exports[`<ScrollSlider /> <ScrollSlider /> - props should render correctly with the required props 1`] = `
.emotion-0 {
  position: relative;
  width: 100%;
  overflow-x: scroll;
  overflow-y: hidden;
  display: -webkit-box;
  display: -webkit-flex;
  display: -ms-flexbox;
  display: flex;
  -webkit-box-flex-flow: row nowrap;
  -webkit-flex-flow: row nowrap;
  -ms-flex-flow: row nowrap;
  flex-flow: row nowrap;
  scrollbar-width: none;
  -ms-overflow-style: none;
}

.emotion-0::-webkit-scrollbar {
  width: 0;
  display: none;
}

.emotion-0>* {
  -webkit-flex: 0 0 auto;
  -ms-flex: 0 0 auto;
  flex: 0 0 auto;
}

<ScrollSliderContainer
  activeItem={0}
  className="emotion-0"
  goTo={[MockFunction]}
  isRTL={false}
  itemsToShow={2}
  setItemsLength={[MockFunction]}
>
  <div
    key="0"
  >
    First slide
  </div>
  <div
    key="1"
  >
    Second slide
  </div>
  <div
    key="2"
  >
    Third slide
  </div>
  <div
    key="3"
  >
    Fourth slide
  </div>
</ScrollSliderContainer>
`;
