// Jest Snapshot v1, https://goo.gl/fbAQLP

exports[`<SnapSlider /> should render correctly 1`] = `
.emotion-0 {
  position: relative;
  width: 100%;
  overflow-x: scroll;
  overflow-y: hidden;
  display: -webkit-box;
  display: -webkit-flex;
  display: -ms-flexbox;
  display: flex;
  -webkit-box-flex-flow: row nowrap;
  -webkit-flex-flow: row nowrap;
  -ms-flex-flow: row nowrap;
  flex-flow: row nowrap;
  scrollbar-width: none;
  -ms-overflow-style: none;
  scroll-snap-type: x mandatory;
  scroll-behavior: smooth;
  -webkit-overflow-scrolling: touch;
}

.emotion-0::-webkit-scrollbar {
  width: 0;
  display: none;
}

.emotion-0>* {
  -webkit-flex: 0 0 auto;
  -ms-flex: 0 0 auto;
  flex: 0 0 auto;
}

.emotion-0>* {
  scroll-snap-align: center;
  scroll-snap-stop: always;
}

<ScrollSliderContainer
  className="emotion-0"
>
  <div>
    Test 1
  </div>
  <div>
    Test 2
  </div>
</ScrollSliderContainer>
`;
