// Jest Snapshot v1, https://goo.gl/fbAQLP

exports[`<SwipeSlider /> props should render correctly the sliders cloned from children elements 1`] = `
.emotion-0 {
  position: relative;
  width: 100%;
  display: -webkit-box;
  display: -webkit-flex;
  display: -ms-flexbox;
  display: flex;
  -webkit-box-flex-flow: row nowrap;
  -webkit-flex-flow: row nowrap;
  -ms-flex-flow: row nowrap;
  flex-flow: row nowrap;
  -webkit-transition: -webkit-transform 0.3s;
  transition: transform 0.3s;
}

.emotion-0>* {
  -webkit-flex: 0 0 auto;
  -ms-flex: 0 0 auto;
  flex: 0 0 auto;
}

<SwipeSliderContainer
  activeItem={0}
  animationDuration={0.3}
  className="emotion-0"
  direction={null}
  goNext={[MockFunction]}
  goPrev={[MockFunction]}
  isInfinite={false}
  isMovementBlocked={false}
  isRTL={false}
  itemsToShow={2}
  setIsMovementBlocked={[MockFunction]}
  setItemsLength={[MockFunction]}
>
  <div
    key="0"
  >
    First slide
  </div>
  <div
    key="1"
  >
    Second slide
  </div>
  <div
    key="2"
  >
    Third slide
  </div>
  <div
    key="3"
  >
    Fourth slide
  </div>
  <div
    key="4"
  >
    Five slide
  </div>
  <div
    key="5"
  >
    Sixth slide
  </div>
  <div
    key="6"
  >
    Seventh slide
  </div>
</SwipeSliderContainer>
`;
